// Jest Snapshot v1, https://goo.gl/fbAQLP

exports[`<Main /> should render the heading 1`] = `
<main
  class="sc-AxjAm hVMNkA"
>
  <img
    alt="Imagem de um átomo e React Avançado escrito ao lado."
    class="sc-AxirZ cGSUZd"
    src="/img/logo.svg"
  />
  <h1
    class="sc-AxiKw dgQOkL"
  >
    React Avançado
  </h1>
  <h2
    class="sc-AxhCb ivDZHD"
  >
    TypeScript, ReactJS, NextJS e Styled Components
  </h2>
  <img
    alt="Um desenvolvedor de frente para tela de um computador"
    class="sc-AxhUy cZYboa"
    src="img/hero-illustration.svg"
  />
</main>
`
